step 0 chosen=248068 top5: [248068]=0.0000 [248046]=-22.3313 [248045]=-23.1361 [248058]=-25.3363 [248069]=-25.9934
step 1 chosen=198 top5: [198]=-0.1573 [271]=-1.9273 [1358]=-15.1251 [248046]=-16.5049 [695]=-17.8444
step 2 chosen=760 top5: [760]=-0.0000 [1421]=-13.9333 [97237]=-14.0187 [8160]=-14.7971 [561]=-15.2776
step 3 chosen=1156 top5: [1156]=-0.0000 [11346]=-11.0753 [846]=-12.1431 [5286]=-13.5028 [5604]=-13.9205
step 4 chosen=369 top5: [369]=-0.3366 [16561]=-1.5401 [6587]=-2.6401 [9859]=-10.1145 [682]=-11.1081
step 5 chosen=9859 top5: [9859]=0.0000 [16561]=-14.0399 [4439]=-15.1412 [68311]=-15.6976 [91865]=-15.9844
step 6 chosen=728 top5: [728]=-0.0393 [364]=-3.2740 [883]=-7.3610 [1204]=-11.1841 [264]=-14.2730
step 7 chosen=310 top5: [310]=0.0000 [364]=-14.7172 [11]=-16.7870 [494]=-16.8198 [10033]=-17.1029
step 8 chosen=10033 top5: [10033]=-0.0002 [3300]=-8.9340 [22903]=-10.4915 [91087]=-13.0992 [8385]=-13.1303
step 9 chosen=1204 top5: [1204]=-0.0042 [11]=-5.8617 [303]=-6.6687 [279]=-10.6209 [494]=-11.6252
step 10 chosen=279 top5: [279]=-0.0032 [411]=-5.8566 [1167]=-8.1414 [264]=-11.1330 [328]=-13.2376
step 11 chosen=1167 top5: [1167]=-0.0061 [17120]=-5.1630 [7246]=-8.8264 [328]=-9.1031 [2715]=-11.5045
step 12 chosen=16451 top5: [16451]=-0.0000 [868]=-12.7310 [86]=-13.5179 [54]=-14.2377 [1717]=-14.5592
step 13 chosen=18 top5: [18]=-0.0000 [220]=-10.9318 [17]=-12.1986 [12]=-14.2811 [1167]=-14.4811
step 14 chosen=13 top5: [13]=-0.0002 [12]=-9.4981 [14]=-12.2894 [23]=-12.3235 [1926]=-12.5733
step 15 chosen=23 top5: [23]=-0.0001 [20]=-9.6146 [22]=-10.7698 [21]=-11.0334 [24]=-13.1028
step 16 chosen=12 top5: [12]=-0.0002 [10923]=-9.4773 [16753]=-10.3763 [89681]=-10.9724 [7049]=-11.0245
step 17 chosen=23129 top5: [23129]=-0.0126 [5666]=-4.4202 [73113]=-9.8648 [5934]=-10.6357 [16753]=-10.7093
step 18 chosen=12 top5: [12]=-0.0001 [14]=-11.2476 [10923]=-11.5618 [5666]=-11.5868 [9019]=-12.0417
step 19 chosen=5666 top5: [5666]=-0.0000 [8547]=-13.0711 [6820]=-13.9916 [17120]=-14.0169 [9019]=-14.2611
step 20 chosen=17120 top5: [17120]=-0.0013 [318]=-6.8604 [36593]=-9.3045 [14]=-9.6995 [41052]=-10.6960
step 21 chosen=3520 top5: [3520]=-0.0101 [7246]=-5.1591 [318]=-5.8740 [11]=-7.2700 [33793]=-7.9429
step 22 chosen=42903 top5: [42903]=-0.0001 [348]=-10.5053 [777]=-11.2047 [328]=-12.9200 [2972]=-13.3724
step 23 chosen=777 top5: [777]=-0.0009 [318]=-7.0994 [10727]=-10.2903 [14588]=-12.0218 [6183]=-13.4743
ids: 248045 846 198 8589 2128 364 9209 6157 13 198 5071 6447 220 17 15 17 21 12 15 23 12 17 21 1358 1848 279 6765 314 1167 16451 18 13 23 12 5666 36593 25 37989 11 64317 11 198 3696 321 15676 77375 198 16754 1167 16451 7659 987 4420 13123 271 285 1165 7276 279 17120 321 650 28687 314 1167 16451 18 13 23 12 23129 12 5666 11 264 32335 20340 12 198 285 314 17830 15089 1558 440 220 16 17 20 33 4868 11 220 21 33 21307 791 3817 11 321 4945 220 20 16 33 198 285 4868 314 307 12 1466 37794 12269 5467 974 279 62183 13 1848 60163 829 82419 198 285 59929 279 1558 11177 279 220 18 24 22 33 6481 16 22 33 37877 383 7810 321 31777 424 383 279 2645 198 285 539 506 1379 220 17 13 21 3387 11 506 220 16 14 18 279 21307 4868 11 220 16 14 18 279 4706 10885 11 321 16757 198 285 220 16 14 24 279 4706 426 1537 19797 13 9372 25936 5533 264 6000 42962 24197 314 469 639 24167 6738 318 38 30237 8 198 285 321 3521 6326 11 440 799 2400 12 51319 6000 303 1396 2943 26 506 8308 20678 29653 198 285 854 1782 2400 12 51319 13224 513 12215 539 1167 16451 69355 59930 318 48 7532 681 864 198 285 11857 2193 506 7752 9146 92679 440 264 29648 28191 84209 13 561 198 285 31088 4129 369 82923 310 2943 22371 321 1301 1472 449 2315 4334 17587 11 198 285 264 2790 567 1562 279 469 639 1737 3231 318 8362 553 38778 369 3568 4732 279 53566 198 285 539 264 3074 307 12 1466 37794 6000 6483 12269 513 18172 35562 494 3357 4779 13 198 285 1165 14989 1396 8871 2222 3055 2250 23964 25 4557 3658 440 49625 198 285 59929 26 279 2695 314 279 2222 303 4706 11 829 7320 321 16401 26 321 1141 2376 383 279 198 285 22113 16568 13390 321 4706 19150 13 23926 321 49625 13016 635 524 198 285 2590 3166 3658 25 38615 286 279 307 12 1466 33761 69569 4557 1559 25025 2586 1345 198 285 49625 13016 90258 942 13 561 17120 321 279 14358 263 24816 3658 6206 198 285 279 22113 6618 4238 321 6937 1331 42499 11 3041 6937 6948 7948 446 24366 11 198 285 321 30181 7042 19150 1172 8204 6813 13 23926 11 59929 11 14588 321 198 285 19150 1304 799 2790 3377 13 326 8466 50407 11 781 7302 264 10793 421 369 23540 198 285 777 10727 11 777 12506 321 777 14733 13 1358 16 256 27416 198 48 16451 18 13 23 12 23129 12 5666 369 264 32335 20340 8404 17830 15089 1558 440 220 16 17 20 33 2702 4868 11 220 21 33 21307 791 198 5658 11 321 4945 220 20 16 33 4868 314 307 12 1466 37794 12269 5467 974 279 62183 13 561 2790 5614 198 284 310 13657 279 4131 314 279 3555 9191 725 220 18 24 22 33 6481 16 22 33 41257 318 48 16451 7659 11 220 17 15 17 21 8 506 264 18830 198 1020 1141 12204 7786 13 1848 60163 829 82419 59929 53915 6337 11 60952 11 31626 11 198 46755 321 2658 48148 5548 11 279 12571 2255 1558 11177 421 37877 383 7810 321 31777 424 383 198 1719 9376 4590 539 506 1379 220 17 13 21 3387 318 8320 13 220 16 16 681 1345 68680 16757 264 4688 430 1599 4868 198 692 3817 321 4706 383 16757 264 4688 430 1599 10885 11 364 883 264 41127 314 279 4706 426 1537 19797 13 198 2014 41052 2222 27692 2250 2433 506 2957 25 1092 279 1558 628 635 383 49625 8806 11 1092 424 198 15958 82 310 5257 321 310 8418 11 321 3315 279 4706 1542 8198 22113 321 14733 506 5281 13 1165 8646 198 45715 1396 8871 2222 3055 2250 23964 25 4557 3658 440 49625 59929 26 279 2695 314 198 1719 2222 303 4706 11 829 7320 321 16401 26 321 1141 2376 383 279 22113 16568 13390 321 383 4706 198 267 2803 13 23926 11 59929 11 14588 321 19150 1304 799 2790 3377 11 321 567 1830 1754 383 1141 198 754 3665 13 44353 411 1830 11 567 10842 1332 279 2250 23964 27376 321 279 2790 11125 198 51819 87743 5879 310 13 198 26108 41052 6599 6564 279 2790 11 1754 26153 264 12103 84810 13 9372 25936 198 4623 264 6000 42962 24197 314 469 639 24167 6738 318 38 30237 8 318 72413 1778 444 2487 220 17 15 17 19 8 321 3521 6326 25 279 61911 198 42728 23835 279 8978 1083 264 8097 6948 1528 506 13094 2695 11 1345 799 2400 12 51319 6000 303 1396 198 32897 50098 279 2050 3817 11258 54476 421 874 33093 20105 4779 14086 1547 6681 241244 17 13 16 13 16 553 2332 198 82892 20678 29653 854 1782 2400 12 51319 13224 513 12215 539 1167 16451 69355 59930 318 48 7532 681 198 7949 10695 279 32335 12 51319 5832 314 36457 1778 444 13 318 17 15 17 20 64 8 694 11857 2193 506 7752 9146 92679 198 4058 264 29648 28191 84209 11 748 421 279 2695 314 50233 4924 16563 440 8240 2984 13 561 198 408 3231 4129 369 82923 310 2943 22371 318 21887 34366 1778 444 2487 220 17 15 17 18 26 65461 1778 444 2487 220 17 15 17 19 8 321 1301 1472 449 198 5911 4334 17587 11 264 2790 567 1562 469 639 1737 3231 318 8362 8 241244 17 13 17 1590 81487 11039 8390 310 279 31088 198 2267 11 321 279 17587 26731 1204 421 8390 369 7157 11 1345 1048 41883 279 577 78741 421 13205 4706 198 27086 13 38778 369 4473 3568 4732 279 53566 539 264 3074 307 12 1466 37794 6000 318 14030 198 32354 67279 11 220 17 15 17 20 26 54810 1778 444 2487 220 17 15 17 21 8 6483 12269 513 18172 35562 494 3357 4779 241244 17 13 18 681 26079 198 15704 1698 440 78885 4945 791 33686 426 1537 19797 321 37972 13 1358 23581 220 16 198 200 388 380 4100 42123 646 59780 10877 987 12473 14345 4310 260 173533 271 1025 1167 7532 22028 198 1855 1167 7532 22028 198 20334 173533 214007 153089 4946 14345 9357 262 173533 198 5071 10747 5861 36 198 1025 469 30237 22028 1358 12473 220 16 17044 198 5071 4152 14345 4310 257 173533 198 1025 469 30237 22028 1358 1025 469 30237 22028 198 20334 173533 214007 153089 4946 14345 9357 262 173533 198 83770 1167 16451 69355 2332 1463 198 1025 1167 7532 22028 198 20334 173533 214007 153089 4946 14345 4310 257 173533 198 1025 469 30237 22028 8074 37939 1737 3231 336 33108 4042 1358 1025 469 30237 22028 260 469 30237 22028 198 20334 173533 214007 153089 4946 14345 9357 262 173533 198 1025 469 30237 22028 198 5071 10747 5861 36 271 1025 1167 7532 22028 271 12473 220 18 17044 198 5071 4152 14345 4310 257 173533 198 1025 469 30237 22028 198 20334 173533 214007 153089 3388 14345 9357 256 173533 198 1025 469 30237 22028 198 5071 9411 469 639 24167 6738 271 1025 469 30237 22028 198 20334 173533 214007 153089 4946 14345 4310 257 173533 198 37207 37939 1737 3231 336 33108 4042 987 41293 443 12 1466 35838 6751 22028 198 1734 94787 35838 6751 3235 22028 220 17 1132 14200 1734 5396 56212 271 21351 220 16 25 1167 16451 18 13 23 12 23129 12 5666 17120 13 9372 25936 6703 942 2250 469 30237 13224 440 799 1167 7532 198 10027 791 2424 314 2943 13 6983 1146 10027 15339 321 13514 1472 14345 11 864 9435 704 279 31088 4129 198 429 33389 279 1301 2315 4334 13 1473 307 12 1466 37794 6000 506 22028 220 17 27477 8390 974 279 62183 198 19492 3357 61932 87363 286 13 561 380 4100 4536 311 4623 1167 7532 14505 3808 63520 45543 7123 13 1358 79520 13 23926 321 49625 13016 635 524 2590 3166 3658 11 321 567 22270 87743 198 258 2107 17425 13 2831 26035 286 279 307 12 1466 33761 69569 4557 1559 25025 2586 1345 49625 13016 198 82 2541 942 11 321 1172 264 8097 5555 7786 279 4557 51866 35140 4050 494 279 13016 51866 198 4004 365 13 220 24 11 14698 13 220 23 553 78759 11 50151 279 31088 1301 321 3165 13914 494 279 31088 1528 34237 198 3138 264 30730 4557 13550 694 264 2708 27502 8457 241244 17 13 17 553 6728 87743 7099 3200 25 198 26993 286 1754 2424 310 279 1330 8166 2294 639 31088 22371 369 4409 1845 303 829 82419 4557 3482 198 442 21645 440 4473 4706 241244 17 13 17 681 321 17068 65269 10845 494 279 2400 12 51319 13224 369 198 474 85596 470 2261 829 82419 694 20843 9191 4131 506 2843 17102 241244 17 13 16 13 16 553 733 279 13753 198 8761 1732 11 1332 4557 321 59929 3166 3658 567 1830 4557 7249 11 364 193288 477 13 271 45031 10078 13 1165 14989 2695 24358 303 4706 11 829 7320 321 16401 13 733 4706 11 16753 3469 32 79744 198 64 220 17 4006 18 17044 4487 321 16757 220 17 17044 26661 4478 446 888 279 81280 263 25045 383 68022 241244 17 13 16 13 16 553 14358 263 198 390 4401 1547 1141 1765 14246 6829 25 1141 791 86335 426 1537 19797 6549 383 5979 5893 4598 1056 198 15704 1698 11 748 279 795 12 44564 19556 4011 369 1996 461 662 290 539 12572 91311 1954 2695 26 198 429 1141 2923 33358 1083 1599 2526 61369 2957 72115 4868 513 6507 11 748 279 2923 369 16508 303 198 64 52965 4618 241244 18 13 16 553 1165 716 279 20042 4006 29140 355 89 18971 310 220 23 7123 11 11984 286 279 4945 19150 198 7744 8204 13 2332 42903 11 829 7320 369 28731 539 6326 888 279 4220 2193 11 864 1167 7532 13822 198 1634 23835 286 279 1328 8240 539 264 7911 427 11 17191 84209 2695 494 496 318 77 17 847 310 496 318 77 17 593 81 7222 48507 198 284 28731 539 4779 9163 11 864 369 3069 279 469 30237 13224 2426 264 8097 6948 61911 1528 11 279 14345 198 87398 279 8602 1395 911 286 5497 462 408 1116 321 279 31088 1528 11222 32439 23 5638 13 2332 264 2193 2984 198 1020 220 16 44 11 1167 7532 369 220 22 13 21 17044 10281 1056 27044 6326 303 829 7320 321 220 19 13 24 17044 10281 303 16401 506 279 9705 2119 13 271 20711 63738 13 14358 263 318 68043 1778 444 2487 220 17 15 17 19 8 369 8977 310 279 1330 31350 13914 421 1121 430 13094 198 17114 26 279 1879 321 307 12 1466 68163 11 2468 1901 11 5861 36 8997 321 279 3238 3667 1140 39141 314 14345 4565 1358 36909 220 17 198 200 263 14601 54 11 1332 91311 1954 369 2892 21840 34826 466 632 8389 1218 241244 18 13 16 553 426 2506 4868 513 6507 198 14372 91311 1954 11 2394 91311 4694 264 94170 5979 60322 32822 17425 3808 198 354 9433 1146 9146 82 241244 18 13 16 553 561 491 17120 321 24816 1048 6206 279 22113 16568 13390 11 198 684 567 1985 275 279 26079 2253 318 222064 10399 271 814 20139 1204 411 17120 3520 42903 777 10727 13 20052 264 11346 15673 13 198 248046 198 248045 74455 198 248068 198 760 1156 369 9859 728 310 10033 1204 279 1167 16451 18 13 23 12 23129 12 5666 17120 3520 42903 777

loaded 1198 tensors (base+overlay)
weight arena: 68.0 GiB

pload 0.1/68.0 GiB
pload 0.1/68.0 GiB
pload 0.2/68.0 GiB
pload 0.2/68.0 GiB
pload 0.3/68.0 GiB
pload 0.4/68.0 GiB
pload 0.4/68.0 GiB
pload 0.5/68.0 GiB
pload 0.6/68.0 GiB
pload 0.6/68.0 GiB
pload 0.7/68.0 GiB
pload 0.8/68.0 GiB
pload 0.8/68.0 GiB
pload 0.9/68.0 GiB
pload 0.9/68.0 GiB
pload 1.0/68.0 GiB
pload 1.1/68.0 GiB
pload 1.1/68.0 GiB
pload 1.2/68.0 GiB
pload 1.2/68.0 GiB
pload 1.3/68.0 GiB
pload 1.4/68.0 GiB
pload 1.4/68.0 GiB
pload 1.5/68.0 GiB
pload 1.6/68.0 GiB
pload 1.6/68.0 GiB
pload 1.7/68.0 GiB
pload 1.8/68.0 GiB
pload 1.8/68.0 GiB
pload 1.9/68.0 GiB
pload 1.9/68.0 GiB
pload 2.0/68.0 GiB
pload 2.1/68.0 GiB
pload 2.1/68.0 GiB
pload 2.2/68.0 GiB
pload 2.2/68.0 GiB
pload 2.3/68.0 GiB
pload 2.4/68.0 GiB
pload 2.4/68.0 GiB
pload 2.5/68.0 GiB
pload 2.6/68.0 GiB
pload 2.6/68.0 GiB
pload 2.7/68.0 GiB
pload 2.8/68.0 GiB
pload 2.8/68.0 GiB
pload 2.9/68.0 GiB
pload 2.9/68.0 GiB
pload 3.0/68.0 GiB
pload 3.1/68.0 GiB
pload 3.1/68.0 GiB
pload 3.2/68.0 GiB
pload 3.2/68.0 GiB
pload 3.3/68.0 GiB
pload 3.3/68.0 GiB
pload 3.4/68.0 GiB
pload 3.4/68.0 GiB
pload 3.4/68.0 GiB
pload 3.4/68.0 GiB
pload 3.5/68.0 GiB
pload 3.5/68.0 GiB
pload 3.6/68.0 GiB
pload 3.6/68.0 GiB
pload 3.7/68.0 GiB
pload 3.8/68.0 GiB
pload 3.8/68.0 GiB
pload 3.9/68.0 GiB
pload 4.0/68.0 GiB
pload 4.0/68.0 GiB
pload 4.1/68.0 GiB
pload 4.1/68.0 GiB
pload 4.2/68.0 GiB
pload 4.3/68.0 GiB
pload 4.3/68.0 GiB
pload 4.4/68.0 GiB
pload 4.5/68.0 GiB
pload 4.5/68.0 GiB
pload 4.6/68.0 GiB
pload 4.6/68.0 GiB
pload 4.7/68.0 GiB
pload 4.8/68.0 GiB
pload 4.8/68.0 GiB
pload 4.9/68.0 GiB
pload 5.0/68.0 GiB
pload 5.0/68.0 GiB
pload 5.1/68.0 GiB
pload 5.1/68.0 GiB
pload 5.2/68.0 GiB
pload 5.3/68.0 GiB
pload 5.3/68.0 GiB
pload 5.4/68.0 GiB
pload 5.5/68.0 GiB
pload 5.5/68.0 GiB
pload 5.6/68.0 GiB
pload 5.6/68.0 GiB
pload 5.7/68.0 GiB
pload 5.8/68.0 GiB
pload 5.8/68.0 GiB
pload 5.9/68.0 GiB
pload 6.0/68.0 GiB
pload 6.0/68.0 GiB
pload 6.1/68.0 GiB
pload 6.1/68.0 GiB
pload 6.2/68.0 GiB
pload 6.3/68.0 GiB
pload 6.3/68.0 GiB
pload 6.4/68.0 GiB
pload 6.5/68.0 GiB
pload 6.5/68.0 GiB
pload 6.6/68.0 GiB
pload 6.6/68.0 GiB
pload 6.7/68.0 GiB
pload 6.8/68.0 GiB
pload 6.8/68.0 GiB
pload 6.8/68.0 GiB
pload 6.9/68.0 GiB
pload 6.9/68.0 GiB
pload 7.0/68.0 GiB
pload 7.0/68.0 GiB
pload 7.1/68.0 GiB
pload 7.1/68.0 GiB
pload 7.1/68.0 GiB
pload 7.2/68.0 GiB
pload 7.2/68.0 GiB
pload 7.3/68.0 GiB
pload 7.3/68.0 GiB
pload 7.4/68.0 GiB
pload 7.5/68.0 GiB
pload 7.5/68.0 GiB
pload 7.6/68.0 GiB
pload 7.7/68.0 GiB
pload 7.7/68.0 GiB
pload 7.8/68.0 GiB
pload 7.8/68.0 GiB
pload 7.9/68.0 GiB
pload 8.0/68.0 GiB
pload 8.0/68.0 GiB
pload 8.1/68.0 GiB
pload 8.2/68.0 GiB
pload 8.2/68.0 GiB
pload 8.3/68.0 GiB
pload 8.3/68.0 GiB
pload 8.4/68.0 GiB
pload 8.5/68.0 GiB
pload 8.5/68.0 GiB
pload 8.6/68.0 GiB
pload 8.7/68.0 GiB
pload 8.7/68.0 GiB
pload 8.8/68.0 GiB
pload 8.8/68.0 GiB
pload 8.9/68.0 GiB
pload 9.0/68.0 GiB
pload 9.0/68.0 GiB
pload 9.1/68.0 GiB
pload 9.2/68.0 GiB
pload 9.2/68.0 GiB
pload 9.3/68.0 GiB
pload 9.3/68.0 GiB
pload 9.4/68.0 GiB
pload 9.5/68.0 GiB
pload 9.5/68.0 GiB
pload 9.6/68.0 GiB
pload 9.7/68.0 GiB
pload 9.7/68.0 GiB
pload 9.8/68.0 GiB
pload 9.8/68.0 GiB
pload 9.9/68.0 GiB
pload 10.0/68.0 GiB
pload 10.0/68.0 GiB
pload 10.1/68.0 GiB
pload 10.2/68.0 GiB
pload 10.2/68.0 GiB
pload 10.2/68.0 GiB
pload 10.3/68.0 GiB
pload 10.3/68.0 GiB
pload 10.4/68.0 GiB
pload 10.4/68.0 GiB
pload 10.5/68.0 GiB
pload 10.5/68.0 GiB
pload 10.5/68.0 GiB
pload 10.6/68.0 GiB
pload 10.7/68.0 GiB
pload 10.7/68.0 GiB
pload 10.7/68.0 GiB
pload 10.8/68.0 GiB
pload 10.9/68.0 GiB
pload 10.9/68.0 GiB
pload 11.0/68.0 GiB
pload 11.0/68.0 GiB
pload 11.1/68.0 GiB
pload 11.2/68.0 GiB
pload 11.2/68.0 GiB
pload 11.3/68.0 GiB
pload 11.4/68.0 GiB
pload 11.4/68.0 GiB
pload 11.5/68.0 GiB
pload 11.5/68.0 GiB
pload 11.6/68.0 GiB
pload 11.7/68.0 GiB
pload 11.7/68.0 GiB
pload 11.8/68.0 GiB
pload 11.9/68.0 GiB
pload 11.9/68.0 GiB
pload 12.0/68.0 GiB
pload 12.0/68.0 GiB
pload 12.1/68.0 GiB
pload 12.2/68.0 GiB
pload 12.2/68.0 GiB
pload 12.3/68.0 GiB
pload 12.4/68.0 GiB
pload 12.4/68.0 GiB
pload 12.5/68.0 GiB
pload 12.5/68.0 GiB
pload 12.6/68.0 GiB
pload 12.7/68.0 GiB
pload 12.7/68.0 GiB
pload 12.8/68.0 GiB
pload 12.9/68.0 GiB
pload 12.9/68.0 GiB
pload 13.0/68.0 GiB
pload 13.0/68.0 GiB
pload 13.1/68.0 GiB
pload 13.2/68.0 GiB
pload 13.2/68.0 GiB
pload 13.3/68.0 GiB
pload 13.4/68.0 GiB
pload 13.4/68.0 GiB
pload 13.5/68.0 GiB
pload 13.5/68.0 GiB
pload 13.6/68.0 GiB
pload 13.7/68.0 GiB
pload 13.7/68.0 GiB
pload 13.7/68.0 GiB
pload 13.8/68.0 GiB
pload 13.9/68.0 GiB
pload 13.9/68.0 GiB
pload 13.9/68.0 GiB
pload 14.0/68.0 GiB
pload 14.1/68.0 GiB
pload 14.1/68.0 GiB
pload 14.1/68.0 GiB
pload 14.2/68.0 GiB
pload 14.2/68.0 GiB
pload 14.3/68.0 GiB
pload 14.3/68.0 GiB
pload 14.4/68.0 GiB
pload 14.4/68.0 GiB
pload 14.5/68.0 GiB
pload 14.6/68.0 GiB
pload 14.6/68.0 GiB
pload 14.7/68.0 GiB
pload 14.8/68.0 GiB
pload 14.8/68.0 GiB
pload 14.9/68.0 GiB
pload 14.9/68.0 GiB
pload 15.0/68.0 GiB
pload 15.1/68.0 GiB
pload 15.1/68.0 GiB
pload 15.2/68.0 GiB
pload 15.3/68.0 GiB
pload 15.3/68.0 GiB
pload 15.4/68.0 GiB
pload 15.4/68.0 GiB
pload 15.5/68.0 GiB
pload 15.6/68.0 GiB
pload 15.6/68.0 GiB
pload 15.7/68.0 GiB
pload 15.8/68.0 GiB
pload 15.8/68.0 GiB
pload 15.9/68.0 GiB
pload 15.9/68.0 GiB
pload 16.0/68.0 GiB
pload 16.1/68.0 GiB
pload 16.1/68.0 GiB
pload 16.2/68.0 GiB
pload 16.3/68.0 GiB
pload 16.3/68.0 GiB
pload 16.4/68.0 GiB
pload 16.4/68.0 GiB
pload 16.5/68.0 GiB
pload 16.6/68.0 GiB
pload 16.6/68.0 GiB
pload 16.7/68.0 GiB
pload 16.8/68.0 GiB
pload 16.8/68.0 GiB
pload 16.9/68.0 GiB
pload 16.9/68.0 GiB
pload 17.0/68.0 GiB
pload 17.1/68.0 GiB
pload 17.1/68.0 GiB
pload 17.2/68.0 GiB
pload 17.3/68.0 GiB
pload 17.3/68.0 GiB
pload 17.3/68.0 GiB
pload 17.4/68.0 GiB
pload 17.4/68.0 GiB
pload 17.4/68.0 GiB
pload 17.5/68.0 GiB
pload 17.6/68.0 GiB
pload 17.6/68.0 GiB
pload 17.6/68.0 GiB
pload 17.6/68.0 GiB
pload 17.7/68.0 GiB
pload 17.8/68.0 GiB
pload 17.8/68.0 GiB
pload 17.9/68.0 GiB
pload 18.0/68.0 GiB
pload 18.0/68.0 GiB
pload 18.1/68.0 GiB
pload 18.1/68.0 GiB
pload 18.2/68.0 GiB
pload 18.3/68.0 GiB
pload 18.3/68.0 GiB
pload 18.4/68.0 GiB
pload 18.5/68.0 GiB
pload 18.5/68.0 GiB
pload 18.6/68.0 GiB
pload 18.6/68.0 GiB
pload 18.7/68.0 GiB
pload 18.8/68.0 GiB
pload 18.8/68.0 GiB
pload 18.9/68.0 GiB
pload 19.0/68.0 GiB
pload 19.0/68.0 GiB
pload 19.1/68.0 GiB
pload 19.1/68.0 GiB
pload 19.2/68.0 GiB
pload 19.3/68.0 GiB
pload 19.3/68.0 GiB
pload 19.4/68.0 GiB
pload 19.5/68.0 GiB
pload 19.5/68.0 GiB
pload 19.6/68.0 GiB
pload 19.6/68.0 GiB
pload 19.7/68.0 GiB
pload 19.8/68.0 GiB
pload 19.8/68.0 GiB
pload 19.9/68.0 GiB
pload 20.0/68.0 GiB
pload 20.0/68.0 GiB
pload 20.1/68.0 GiB
pload 20.1/68.0 GiB
pload 20.2/68.0 GiB
pload 20.3/68.0 GiB
pload 20.3/68.0 GiB
pload 20.4/68.0 GiB
pload 20.5/68.0 GiB
pload 20.5/68.0 GiB
pload 20.6/68.0 GiB
pload 20.6/68.0 GiB
pload 20.7/68.0 GiB
pload 20.8/68.0 GiB
pload 20.8/68.0 GiB
pload 20.9/68.0 GiB
pload 20.9/68.0 GiB
pload 21.0/68.0 GiB
pload 21.0/68.0 GiB
pload 21.0/68.0 GiB
pload 21.1/68.0 GiB
pload 21.1/68.0 GiB
pload 21.1/68.0 GiB
pload 21.2/68.0 GiB
pload 21.2/68.0 GiB
pload 21.3/68.0 GiB
pload 21.3/68.0 GiB
pload 21.4/68.0 GiB
pload 21.5/68.0 GiB
pload 21.5/68.0 GiB
pload 21.6/68.0 GiB
pload 21.7/68.0 GiB
pload 21.7/68.0 GiB
pload 21.8/68.0 GiB
pload 21.8/68.0 GiB
pload 21.9/68.0 GiB
pload 22.0/68.0 GiB
pload 22.0/68.0 GiB
pload 22.1/68.0 GiB
pload 22.2/68.0 GiB
pload 22.2/68.0 GiB
pload 22.3/68.0 GiB
pload 22.3/68.0 GiB
pload 22.4/68.0 GiB
pload 22.5/68.0 GiB
pload 22.5/68.0 GiB
pload 22.6/68.0 GiB
pload 22.7/68.0 GiB
pload 22.7/68.0 GiB
pload 22.8/68.0 GiB
pload 22.8/68.0 GiB
pload 22.9/68.0 GiB
pload 23.0/68.0 GiB
pload 23.0/68.0 GiB
pload 23.1/68.0 GiB
pload 23.2/68.0 GiB
pload 23.2/68.0 GiB
pload 23.3/68.0 GiB
pload 23.3/68.0 GiB
pload 23.4/68.0 GiB
pload 23.5/68.0 GiB
pload 23.5/68.0 GiB
pload 23.6/68.0 GiB
pload 23.7/68.0 GiB
pload 23.7/68.0 GiB
pload 23.8/68.0 GiB
pload 23.8/68.0 GiB
pload 23.9/68.0 GiB
pload 24.0/68.0 GiB
pload 24.0/68.0 GiB
pload 24.1/68.0 GiB
pload 24.2/68.0 GiB
pload 24.2/68.0 GiB
pload 24.2/68.0 GiB
pload 24.3/68.0 GiB
pload 24.3/68.0 GiB
pload 24.4/68.0 GiB
pload 24.5/68.0 GiB
pload 24.5/68.0 GiB
pload 24.6/68.0 GiB
pload 24.7/68.0 GiB
pload 24.7/68.0 GiB
pload 24.7/68.0 GiB
pload 24.7/68.0 GiB
pload 24.7/68.0 GiB
pload 24.8/68.0 GiB
pload 24.9/68.0 GiB
pload 24.9/68.0 GiB
pload 25.0/68.0 GiB
pload 25.0/68.0 GiB
pload 25.1/68.0 GiB
pload 25.2/68.0 GiB
pload 25.2/68.0 GiB
pload 25.3/68.0 GiB
pload 25.4/68.0 GiB
pload 25.4/68.0 GiB
pload 25.5/68.0 GiB
pload 25.5/68.0 GiB
pload 25.6/68.0 GiB
pload 25.7/68.0 GiB
pload 25.7/68.0 GiB
pload 25.8/68.0 GiB
pload 25.9/68.0 GiB
pload 25.9/68.0 GiB
pload 26.0/68.0 GiB
pload 26.0/68.0 GiB
pload 26.1/68.0 GiB
pload 26.2/68.0 GiB
pload 26.2/68.0 GiB
pload 26.3/68.0 GiB
pload 26.4/68.0 GiB
pload 26.4/68.0 GiB
pload 26.5/68.0 GiB
pload 26.5/68.0 GiB
pload 26.6/68.0 GiB
pload 26.7/68.0 GiB
pload 26.7/68.0 GiB
pload 26.8/68.0 GiB
pload 26.9/68.0 GiB
pload 26.9/68.0 GiB
pload 27.0/68.0 GiB
pload 27.0/68.0 GiB
pload 27.1/68.0 GiB
pload 27.2/68.0 GiB
pload 27.2/68.0 GiB
pload 27.3/68.0 GiB
pload 27.4/68.0 GiB
pload 27.4/68.0 GiB
pload 27.5/68.0 GiB
pload 27.5/68.0 GiB
pload 27.6/68.0 GiB
pload 27.6/68.0 GiB
pload 27.7/68.0 GiB
pload 27.7/68.0 GiB
pload 27.8/68.0 GiB
pload 27.9/68.0 GiB
pload 27.9/68.0 GiB
pload 28.0/68.0 GiB
pload 28.1/68.0 GiB
pload 28.1/68.0 GiB
pload 28.1/68.0 GiB
pload 28.1/68.0 GiB
pload 28.2/68.0 GiB
pload 28.2/68.0 GiB
pload 28.3/68.0 GiB
pload 28.3/68.0 GiB
pload 28.4/68.0 GiB
pload 28.4/68.0 GiB
pload 28.5/68.0 GiB
pload 28.6/68.0 GiB
pload 28.6/68.0 GiB
pload 28.7/68.0 GiB
pload 28.8/68.0 GiB
pload 28.8/68.0 GiB
pload 28.9/68.0 GiB
pload 28.9/68.0 GiB
pload 29.0/68.0 GiB
pload 29.1/68.0 GiB
pload 29.1/68.0 GiB
pload 29.2/68.0 GiB
pload 29.3/68.0 GiB
pload 29.3/68.0 GiB
pload 29.4/68.0 GiB
pload 29.4/68.0 GiB
pload 29.5/68.0 GiB
pload 29.6/68.0 GiB
pload 29.6/68.0 GiB
pload 29.7/68.0 GiB
pload 29.8/68.0 GiB
pload 29.8/68.0 GiB
pload 29.9/68.0 GiB
pload 29.9/68.0 GiB
pload 30.0/68.0 GiB
pload 30.1/68.0 GiB
pload 30.1/68.0 GiB
pload 30.2/68.0 GiB
pload 30.3/68.0 GiB
pload 30.3/68.0 GiB
pload 30.4/68.0 GiB
pload 30.4/68.0 GiB
pload 30.5/68.0 GiB
pload 30.6/68.0 GiB
pload 30.6/68.0 GiB
pload 30.7/68.0 GiB
pload 30.8/68.0 GiB
pload 30.8/68.0 GiB
pload 30.9/68.0 GiB
pload 30.9/68.0 GiB
pload 31.0/68.0 GiB
pload 31.1/68.0 GiB
pload 31.1/68.0 GiB
pload 31.2/68.0 GiB
pload 31.3/68.0 GiB
pload 31.3/68.0 GiB
pload 31.4/68.0 GiB
pload 31.4/68.0 GiB
pload 31.4/68.0 GiB
pload 31.4/68.0 GiB
pload 31.5/68.0 GiB
pload 31.6/68.0 GiB
pload 31.6/68.0 GiB
pload 31.6/68.0 GiB
pload 31.7/68.0 GiB
pload 31.8/68.0 GiB
pload 31.8/68.0 GiB
pload 31.8/68.0 GiB
pload 31.9/68.0 GiB
pload 32.0/68.0 GiB
pload 32.0/68.0 GiB
pload 32.1/68.0 GiB
pload 32.1/68.0 GiB
pload 32.2/68.0 GiB
pload 32.3/68.0 GiB
pload 32.3/68.0 GiB
pload 32.4/68.0 GiB
pload 32.5/68.0 GiB
pload 32.5/68.0 GiB
pload 32.6/68.0 GiB
pload 32.6/68.0 GiB
pload 32.7/68.0 GiB
pload 32.8/68.0 GiB
pload 32.8/68.0 GiB
pload 32.9/68.0 GiB
pload 33.0/68.0 GiB
pload 33.0/68.0 GiB
pload 33.1/68.0 GiB
pload 33.1/68.0 GiB
pload 33.2/68.0 GiB
pload 33.3/68.0 GiB
pload 33.3/68.0 GiB
pload 33.4/68.0 GiB
pload 33.5/68.0 GiB
pload 33.5/68.0 GiB
pload 33.6/68.0 GiB
pload 33.6/68.0 GiB
pload 33.7/68.0 GiB
pload 33.8/68.0 GiB
pload 33.8/68.0 GiB
pload 33.9/68.0 GiB
pload 34.0/68.0 GiB
pload 34.0/68.0 GiB
pload 34.1/68.0 GiB
pload 34.1/68.0 GiB
pload 34.2/68.0 GiB
pload 34.3/68.0 GiB
pload 34.3/68.0 GiB
pload 34.4/68.0 GiB
pload 34.5/68.0 GiB
pload 34.5/68.0 GiB
pload 34.6/68.0 GiB
pload 34.6/68.0 GiB
pload 34.7/68.0 GiB
pload 34.8/68.0 GiB
pload 34.8/68.0 GiB
pload 34.8/68.0 GiB
pload 34.9/68.0 GiB
pload 35.0/68.0 GiB
pload 35.0/68.0 GiB
pload 35.1/68.0 GiB
pload 35.1/68.0 GiB
pload 35.1/68.0 GiB
pload 35.2/68.0 GiB
pload 35.2/68.0 GiB
pload 35.3/68.0 GiB
pload 35.3/68.0 GiB
pload 35.3/68.0 GiB
pload 35.4/68.0 GiB
pload 35.5/68.0 GiB
pload 35.5/68.0 GiB
pload 35.6/68.0 GiB
pload 35.7/68.0 GiB
pload 35.7/68.0 GiB
pload 35.8/68.0 GiB
pload 35.8/68.0 GiB
pload 35.9/68.0 GiB
pload 36.0/68.0 GiB
pload 36.0/68.0 GiB
pload 36.1/68.0 GiB
pload 36.2/68.0 GiB
pload 36.2/68.0 GiB
pload 36.3/68.0 GiB
pload 36.3/68.0 GiB
pload 36.4/68.0 GiB
pload 36.5/68.0 GiB
pload 36.5/68.0 GiB
pload 36.6/68.0 GiB
pload 36.7/68.0 GiB
pload 36.7/68.0 GiB
pload 36.8/68.0 GiB
pload 36.8/68.0 GiB
pload 36.9/68.0 GiB
pload 37.0/68.0 GiB
pload 37.0/68.0 GiB
pload 37.1/68.0 GiB
pload 37.2/68.0 GiB
pload 37.2/68.0 GiB
pload 37.3/68.0 GiB
pload 37.3/68.0 GiB
pload 37.4/68.0 GiB
pload 37.5/68.0 GiB
pload 37.5/68.0 GiB
pload 37.6/68.0 GiB
pload 37.7/68.0 GiB
pload 37.7/68.0 GiB
pload 37.8/68.0 GiB
pload 37.8/68.0 GiB
pload 37.9/68.0 GiB
pload 38.0/68.0 GiB
pload 38.0/68.0 GiB
pload 38.1/68.0 GiB
pload 38.2/68.0 GiB
pload 38.2/68.0 GiB
pload 38.3/68.0 GiB
pload 38.3/68.0 GiB
pload 38.3/68.0 GiB
pload 38.4/68.0 GiB
pload 38.5/68.0 GiB
pload 38.5/68.0 GiB
pload 38.6/68.0 GiB
pload 38.6/68.0 GiB
pload 38.7/68.0 GiB
pload 38.7/68.0 GiB
pload 38.7/68.0 GiB
pload 38.8/68.0 GiB
pload 38.8/68.0 GiB
pload 38.9/68.0 GiB
pload 38.9/68.0 GiB
pload 39.0/68.0 GiB
pload 39.0/68.0 GiB
pload 39.1/68.0 GiB
pload 39.2/68.0 GiB
pload 39.2/68.0 GiB
pload 39.3/68.0 GiB
pload 39.4/68.0 GiB
pload 39.4/68.0 GiB
pload 39.5/68.0 GiB
pload 39.5/68.0 GiB
pload 39.6/68.0 GiB
pload 39.7/68.0 GiB
pload 39.7/68.0 GiB
pload 39.8/68.0 GiB
pload 39.9/68.0 GiB
pload 39.9/68.0 GiB
pload 40.0/68.0 GiB
pload 40.0/68.0 GiB
pload 40.1/68.0 GiB
pload 40.2/68.0 GiB
pload 40.2/68.0 GiB
pload 40.3/68.0 GiB
pload 40.4/68.0 GiB
pload 40.4/68.0 GiB
pload 40.5/68.0 GiB
pload 40.5/68.0 GiB
pload 40.6/68.0 GiB
pload 40.7/68.0 GiB
pload 40.7/68.0 GiB
pload 40.8/68.0 GiB
pload 40.9/68.0 GiB
pload 40.9/68.0 GiB
pload 41.0/68.0 GiB
pload 41.0/68.0 GiB
pload 41.1/68.0 GiB
pload 41.2/68.0 GiB
pload 41.2/68.0 GiB
pload 41.3/68.0 GiB
pload 41.4/68.0 GiB
pload 41.4/68.0 GiB
pload 41.5/68.0 GiB
pload 41.5/68.0 GiB
pload 41.6/68.0 GiB
pload 41.7/68.0 GiB
pload 41.7/68.0 GiB
pload 41.7/68.0 GiB
pload 41.8/68.0 GiB
pload 41.9/68.0 GiB
pload 41.9/68.0 GiB
pload 42.0/68.0 GiB
pload 42.1/68.0 GiB
pload 42.1/68.0 GiB
pload 42.1/68.0 GiB
pload 42.2/68.0 GiB
pload 42.2/68.0 GiB
pload 42.2/68.0 GiB
pload 42.3/68.0 GiB
pload 42.4/68.0 GiB
pload 42.4/68.0 GiB
pload 42.4/68.0 GiB
pload 42.5/68.0 GiB
pload 42.6/68.0 GiB
pload 42.6/68.0 GiB
pload 42.7/68.0 GiB
pload 42.8/68.0 GiB
pload 42.8/68.0 GiB
pload 42.9/68.0 GiB
pload 42.9/68.0 GiB
pload 43.0/68.0 GiB
pload 43.1/68.0 GiB
pload 43.1/68.0 GiB
pload 43.2/68.0 GiB
pload 43.3/68.0 GiB
pload 43.3/68.0 GiB
pload 43.4/68.0 GiB
pload 43.4/68.0 GiB
pload 43.5/68.0 GiB
pload 43.6/68.0 GiB
pload 43.6/68.0 GiB
pload 43.7/68.0 GiB
pload 43.8/68.0 GiB
pload 43.8/68.0 GiB
pload 43.9/68.0 GiB
pload 43.9/68.0 GiB
pload 43.9/68.0 GiB
pload 44.0/68.0 GiB
pload 44.0/68.0 GiB
pload 44.1/68.0 GiB
pload 44.1/68.0 GiB
pload 44.2/68.0 GiB
pload 44.2/68.0 GiB
pload 44.3/68.0 GiB
pload 44.3/68.0 GiB
pload 44.4/68.0 GiB
pload 44.5/68.0 GiB
pload 44.5/68.0 GiB
pload 44.6/68.0 GiB
pload 44.7/68.0 GiB
pload 44.7/68.0 GiB
pload 44.8/68.0 GiB
pload 44.8/68.0 GiB
pload 44.9/68.0 GiB
pload 45.0/68.0 GiB
pload 45.0/68.0 GiB
pload 45.1/68.0 GiB
pload 45.2/68.0 GiB
pload 45.2/68.0 GiB
pload 45.3/68.0 GiB
pload 45.3/68.0 GiB
pload 45.4/68.0 GiB
pload 45.4/68.0 GiB
pload 45.5/68.0 GiB
pload 45.5/68.0 GiB
pload 45.6/68.0 GiB
pload 45.7/68.0 GiB
pload 45.7/68.0 GiB
pload 45.7/68.0 GiB
pload 45.8/68.0 GiB
pload 45.8/68.0 GiB
pload 45.9/68.0 GiB
pload 45.9/68.0 GiB
pload 45.9/68.0 GiB
pload 46.0/68.0 GiB
pload 46.1/68.0 GiB
pload 46.1/68.0 GiB
pload 46.2/68.0 GiB
pload 46.3/68.0 GiB
pload 46.3/68.0 GiB
pload 46.4/68.0 GiB
pload 46.4/68.0 GiB
pload 46.5/68.0 GiB
pload 46.6/68.0 GiB
pload 46.6/68.0 GiB
pload 46.7/68.0 GiB
pload 46.8/68.0 GiB
pload 46.8/68.0 GiB
pload 46.9/68.0 GiB
pload 46.9/68.0 GiB
pload 47.0/68.0 GiB
pload 47.1/68.0 GiB
pload 47.1/68.0 GiB
pload 47.1/68.0 GiB
pload 47.2/68.0 GiB
pload 47.3/68.0 GiB
pload 47.3/68.0 GiB
pload 47.4/68.0 GiB
pload 47.5/68.0 GiB
pload 47.5/68.0 GiB
pload 47.5/68.0 GiB
pload 47.5/68.0 GiB
pload 47.6/68.0 GiB
pload 47.7/68.0 GiB
pload 47.7/68.0 GiB
pload 47.7/68.0 GiB
pload 47.8/68.0 GiB
pload 47.9/68.0 GiB
pload 47.9/68.0 GiB
pload 48.0/68.0 GiB
pload 48.1/68.0 GiB
pload 48.1/68.0 GiB
pload 48.2/68.0 GiB
pload 48.2/68.0 GiB
pload 48.3/68.0 GiB
pload 48.4/68.0 GiB
pload 48.4/68.0 GiB
pload 48.5/68.0 GiB
pload 48.6/68.0 GiB
pload 48.6/68.0 GiB
pload 48.7/68.0 GiB
pload 48.7/68.0 GiB
pload 48.8/68.0 GiB
pload 48.9/68.0 GiB
pload 48.9/68.0 GiB
pload 48.9/68.0 GiB
pload 49.0/68.0 GiB
pload 49.1/68.0 GiB
pload 49.1/68.0 GiB
pload 49.2/68.0 GiB
pload 49.3/68.0 GiB
pload 49.3/68.0 GiB
pload 49.3/68.0 GiB
pload 49.4/68.0 GiB
pload 49.4/68.0 GiB
pload 49.5/68.0 GiB
pload 49.5/68.0 GiB
pload 49.5/68.0 GiB
pload 49.6/68.0 GiB
pload 49.7/68.0 GiB
pload 49.7/68.0 GiB
pload 49.8/68.0 GiB
pload 49.9/68.0 GiB
pload 49.9/68.0 GiB
pload 50.0/68.0 GiB
pload 50.0/68.0 GiB
pload 50.1/68.0 GiB
pload 50.2/68.0 GiB
pload 50.2/68.0 GiB
pload 50.3/68.0 GiB
pload 50.4/68.0 GiB
pload 50.4/68.0 GiB
pload 50.5/68.0 GiB
pload 50.5/68.0 GiB
pload 50.6/68.0 GiB
pload 50.6/68.0 GiB
pload 50.7/68.0 GiB
pload 50.7/68.0 GiB
pload 50.8/68.0 GiB
pload 50.9/68.0 GiB
pload 50.9/68.0 GiB
pload 51.0/68.0 GiB
pload 51.1/68.0 GiB
pload 51.1/68.0 GiB
pload 51.1/68.0 GiB
pload 51.2/68.0 GiB
pload 51.3/68.0 GiB
pload 51.3/68.0 GiB
pload 51.3/68.0 GiB
pload 51.3/68.0 GiB
pload 51.4/68.0 GiB
pload 51.5/68.0 GiB
pload 51.5/68.0 GiB
pload 51.6/68.0 GiB
pload 51.7/68.0 GiB
pload 51.7/68.0 GiB
pload 51.8/68.0 GiB
pload 51.8/68.0 GiB
pload 51.9/68.0 GiB
pload 52.0/68.0 GiB
pload 52.0/68.0 GiB
pload 52.1/68.0 GiB
pload 52.2/68.0 GiB
pload 52.2/68.0 GiB
pload 52.3/68.0 GiB
pload 52.3/68.0 GiB
pload 52.4/68.0 GiB
pload 52.5/68.0 GiB
pload 52.5/68.0 GiB
pload 52.5/68.0 GiB
pload 52.6/68.0 GiB
pload 52.7/68.0 GiB
pload 52.7/68.0 GiB
pload 52.8/68.0 GiB
pload 52.9/68.0 GiB
pload 52.9/68.0 GiB
pload 52.9/68.0 GiB
pload 52.9/68.0 GiB
pload 53.0/68.0 GiB
pload 53.1/68.0 GiB
pload 53.1/68.0 GiB
pload 53.1/68.0 GiB
pload 53.2/68.0 GiB
pload 53.3/68.0 GiB
pload 53.3/68.0 GiB
pload 53.4/68.0 GiB
pload 53.4/68.0 GiB
pload 53.5/68.0 GiB
pload 53.6/68.0 GiB
pload 53.6/68.0 GiB
pload 53.7/68.0 GiB
pload 53.8/68.0 GiB
pload 53.8/68.0 GiB
pload 53.9/68.0 GiB
pload 53.9/68.0 GiB
pload 54.0/68.0 GiB
pload 54.1/68.0 GiB
pload 54.1/68.0 GiB
pload 54.2/68.0 GiB
pload 54.3/68.0 GiB
pload 54.3/68.0 GiB
pload 54.3/68.0 GiB
pload 54.4/68.0 GiB
pload 54.5/68.0 GiB
pload 54.5/68.0 GiB
pload 54.6/68.0 GiB
pload 54.6/68.0 GiB
pload 54.7/68.0 GiB
pload 54.7/68.0 GiB
pload 54.8/68.0 GiB
pload 54.8/68.0 GiB
pload 54.9/68.0 GiB
pload 54.9/68.0 GiB
pload 54.9/68.0 GiB
pload 55.0/68.0 GiB
pload 55.1/68.0 GiB
pload 55.1/68.0 GiB
pload 55.2/68.0 GiB
pload 55.2/68.0 GiB
pload 55.3/68.0 GiB
pload 55.4/68.0 GiB
pload 55.4/68.0 GiB
pload 55.5/68.0 GiB
pload 55.6/68.0 GiB
pload 55.6/68.0 GiB
pload 55.7/68.0 GiB
pload 55.7/68.0 GiB
pload 55.8/68.0 GiB
pload 55.9/68.0 GiB
pload 55.9/68.0 GiB
pload 56.0/68.0 GiB
pload 56.1/68.0 GiB
pload 56.1/68.0 GiB
pload 56.1/68.0 GiB
pload 56.2/68.0 GiB
pload 56.3/68.0 GiB
pload 56.3/68.0 GiB
pload 56.3/68.0 GiB
pload 56.4/68.0 GiB
pload 56.5/68.0 GiB
pload 56.5/68.0 GiB
pload 56.6/68.0 GiB
pload 56.6/68.0 GiB
pload 56.7/68.0 GiB
pload 56.7/68.0 GiB
pload 56.7/68.0 GiB
pload 56.8/68.0 GiB
pload 56.9/68.0 GiB
pload 56.9/68.0 GiB
pload 57.0/68.0 GiB
pload 57.0/68.0 GiB
pload 57.1/68.0 GiB
pload 57.2/68.0 GiB
pload 57.2/68.0 GiB
pload 57.3/68.0 GiB
pload 57.4/68.0 GiB
pload 57.4/68.0 GiB
pload 57.5/68.0 GiB
pload 57.5/68.0 GiB
pload 57.6/68.0 GiB
pload 57.7/68.0 GiB
pload 57.7/68.0 GiB
pload 57.8/68.0 GiB
pload 57.9/68.0 GiB
pload 57.9/68.0 GiB
pload 57.9/68.0 GiB
pload 58.0/68.0 GiB
pload 58.1/68.0 GiB
pload 58.1/68.0 GiB
pload 58.1/68.0 GiB
pload 58.2/68.0 GiB
pload 58.3/68.0 GiB
pload 58.3/68.0 GiB
pload 58.4/68.0 GiB
pload 58.4/68.0 GiB
pload 58.5/68.0 GiB
pload 58.5/68.0 GiB
pload 58.5/68.0 GiB
pload 58.6/68.0 GiB
pload 58.7/68.0 GiB
pload 58.7/68.0 GiB
pload 58.8/68.0 GiB
pload 58.8/68.0 GiB
pload 58.9/68.0 GiB
pload 59.0/68.0 GiB
pload 59.0/68.0 GiB
pload 59.1/68.0 GiB
pload 59.2/68.0 GiB
pload 59.2/68.0 GiB
pload 59.3/68.0 GiB
pload 59.3/68.0 GiB
pload 59.4/68.0 GiB
pload 59.5/68.0 GiB
pload 59.5/68.0 GiB
pload 59.6/68.0 GiB
pload 59.7/68.0 GiB
pload 59.7/68.0 GiB
pload 59.7/68.0 GiB
pload 59.8/68.0 GiB
pload 59.9/68.0 GiB
pload 59.9/68.0 GiB
pload 59.9/68.0 GiB
pload 60.0/68.0 GiB
pload 60.1/68.0 GiB
pload 60.1/68.0 GiB
pload 60.2/68.0 GiB
pload 60.2/68.0 GiB
pload 60.3/68.0 GiB
pload 60.3/68.0 GiB
pload 60.4/68.0 GiB
pload 60.4/68.0 GiB
pload 60.4/68.0 GiB
pload 60.5/68.0 GiB
pload 60.6/68.0 GiB
pload 60.6/68.0 GiB
pload 60.7/68.0 GiB
pload 60.8/68.0 GiB
pload 60.8/68.0 GiB
pload 60.9/68.0 GiB
pload 60.9/68.0 GiB
pload 61.0/68.0 GiB
pload 61.1/68.0 GiB
pload 61.1/68.0 GiB
pload 61.2/68.0 GiB
pload 61.3/68.0 GiB
pload 61.3/68.0 GiB
pload 61.4/68.0 GiB
pload 61.4/68.0 GiB
pload 61.5/68.0 GiB
pload 61.5/68.0 GiB
pload 61.6/68.0 GiB
pload 61.6/68.0 GiB
pload 61.7/68.0 GiB
pload 61.7/68.0 GiB
pload 61.8/68.0 GiB
pload 61.8/68.0 GiB
pload 61.9/68.0 GiB
pload 62.0/68.0 GiB
pload 62.0/68.0 GiB
pload 62.1/68.0 GiB
pload 62.2/68.0 GiB
pload 62.2/68.0 GiB
pload 62.2/68.0 GiB
pload 62.2/68.0 GiB
pload 62.3/68.0 GiB
pload 62.4/68.0 GiB
pload 62.4/68.0 GiB
pload 62.5/68.0 GiB
pload 62.6/68.0 GiB
pload 62.6/68.0 GiB
pload 62.7/68.0 GiB
pload 62.7/68.0 GiB
pload 62.8/68.0 GiB
pload 62.9/68.0 GiB
pload 62.9/68.0 GiB
pload 63.0/68.0 GiB
pload 63.1/68.0 GiB
pload 63.1/68.0 GiB
pload 63.2/68.0 GiB
pload 63.2/68.0 GiB
pload 63.3/68.0 GiB
pload 63.3/68.0 GiB
pload 63.4/68.0 GiB
pload 63.4/68.0 GiB
pload 63.5/68.0 GiB
pload 63.5/68.0 GiB
pload 63.6/68.0 GiB
pload 63.6/68.0 GiB
pload 63.7/68.0 GiB
pload 63.8/68.0 GiB
pload 63.8/68.0 GiB
pload 63.8/68.0 GiB
pload 63.9/68.0 GiB
pload 63.9/68.0 GiB
pload 64.0/68.0 GiB
pload 64.0/68.0 GiB
pload 64.1/68.0 GiB
pload 64.2/68.0 GiB
pload 64.2/68.0 GiB
pload 64.3/68.0 GiB
pload 64.4/68.0 GiB
pload 64.4/68.0 GiB
pload 64.5/68.0 GiB
pload 64.5/68.0 GiB
pload 64.6/68.0 GiB
pload 64.7/68.0 GiB
pload 64.7/68.0 GiB
pload 64.8/68.0 GiB
pload 64.9/68.0 GiB
pload 64.9/68.0 GiB
pload 65.0/68.0 GiB
pload 65.0/68.0 GiB
pload 65.1/68.0 GiB
pload 65.1/68.0 GiB
pload 65.2/68.0 GiB
pload 65.2/68.0 GiB
pload 65.3/68.0 GiB
pload 65.3/68.0 GiB
pload 65.3/68.0 GiB
pload 65.4/68.0 GiB
pload 65.4/68.0 GiB
pload 65.5/68.0 GiB
pload 65.5/68.0 GiB
pload 65.5/68.0 GiB
pload 65.6/68.0 GiB
pload 65.6/68.0 GiB
pload 65.6/68.0 GiB
pload 65.7/68.0 GiB
pload 65.7/68.0 GiB
pload 65.7/68.0 GiB
pload 65.7/68.0 GiB
pload 65.8/68.0 GiB
pload 65.8/68.0 GiB
pload 65.8/68.0 GiB
pload 65.8/68.0 GiB
pload 65.8/68.0 GiB
pload 65.8/68.0 GiB
pload 65.9/68.0 GiB
pload 65.9/68.0 GiB
pload 65.9/68.0 GiB
pload 65.9/68.0 GiB
pload 66.0/68.0 GiB
pload 66.0/68.0 GiB
pload 66.0/68.0 GiB
pload 66.0/68.0 GiB
pload 66.0/68.0 GiB
pload 66.0/68.0 GiB
pload 66.1/68.0 GiB
pload 66.1/68.0 GiB
pload 66.1/68.0 GiB
pload 66.1/68.0 GiB
pload 66.1/68.0 GiB
pload 66.1/68.0 GiB
pload 66.2/68.0 GiB
pload 66.2/68.0 GiB
pload 66.2/68.0 GiB
pload 66.2/68.0 GiB
pload 66.3/68.0 GiB
pload 66.3/68.0 GiB
pload 66.3/68.0 GiB
pload 66.3/68.0 GiB
pload 66.3/68.0 GiB
pload 66.3/68.0 GiB
pload 66.3/68.0 GiB
pload 66.4/68.0 GiB
pload 66.4/68.0 GiB
pload 66.4/68.0 GiB
pload 66.4/68.0 GiB
pload 66.4/68.0 GiB
pload 66.4/68.0 GiB
pload 66.4/68.0 GiB
pload 66.5/68.0 GiB
pload 66.5/68.0 GiB
pload 66.5/68.0 GiB
pload 66.5/68.0 GiB
pload 66.5/68.0 GiB
pload 66.5/68.0 GiB
pload 66.5/68.0 GiB
pload 66.6/68.0 GiB
pload 66.6/68.0 GiB
pload 66.6/68.0 GiB
pload 66.6/68.0 GiB
pload 66.6/68.0 GiB
pload 66.6/68.0 GiB
pload 66.6/68.0 GiB
pload 66.6/68.0 GiB
pload 66.7/68.0 GiB
pload 66.7/68.0 GiB
pload 66.7/68.0 GiB
pload 66.7/68.0 GiB
pload 66.7/68.0 GiB
pload 66.7/68.0 GiB
pload 66.7/68.0 GiB
pload 66.7/68.0 GiB
pload 66.7/68.0 GiB
pload 66.8/68.0 GiB
pload 66.8/68.0 GiB
pload 66.8/68.0 GiB
pload 66.8/68.0 GiB
pload 66.8/68.0 GiB
pload 66.8/68.0 GiB
pload 66.8/68.0 GiB
pload 66.8/68.0 GiB
pload 66.8/68.0 GiB
pload 66.8/68.0 GiB
pload 66.8/68.0 GiB
pload 66.8/68.0 GiB
pload 66.8/68.0 GiB
pload 66.9/68.0 GiB
pload 66.9/68.0 GiB
pload 66.9/68.0 GiB
pload 66.9/68.0 GiB
pload 66.9/68.0 GiB
pload 66.9/68.0 GiB
pload 66.9/68.0 GiB
pload 66.9/68.0 GiB
pload 66.9/68.0 GiB
pload 66.9/68.0 GiB
pload 66.9/68.0 GiB
pload 66.9/68.0 GiB
pload 67.0/68.0 GiB
pload 67.0/68.0 GiB
pload 67.0/68.0 GiB
pload 67.0/68.0 GiB
pload 67.0/68.0 GiB
pload 67.0/68.0 GiB
pload 67.0/68.0 GiB
pload 67.0/68.0 GiB
pload 67.0/68.0 GiB
pload 67.0/68.0 GiB
pload 67.0/68.0 GiB
pload 67.0/68.0 GiB
pload 67.1/68.0 GiB
pload 67.1/68.0 GiB
pload 67.1/68.0 GiB
pload 67.1/68.0 GiB
pload 67.1/68.0 GiB
pload 67.1/68.0 GiB
pload 67.1/68.0 GiB
pload 67.1/68.0 GiB
pload 67.1/68.0 GiB
pload 67.1/68.0 GiB
pload 67.1/68.0 GiB
pload 67.1/68.0 GiB
pload 67.2/68.0 GiB
pload 67.2/68.0 GiB
pload 67.2/68.0 GiB
pload 67.2/68.0 GiB
pload 67.2/68.0 GiB
pload 67.2/68.0 GiB
pload 67.2/68.0 GiB
pload 67.2/68.0 GiB
pload 67.2/68.0 GiB
pload 67.2/68.0 GiB
pload 67.2/68.0 GiB
pload 67.2/68.0 GiB
pload 67.3/68.0 GiB
pload 67.3/68.0 GiB
pload 67.3/68.0 GiB
pload 67.3/68.0 GiB
pload 67.3/68.0 GiB
pload 67.3/68.0 GiB
pload 67.3/68.0 GiB
pload 67.3/68.0 GiB
pload 67.3/68.0 GiB
pload 67.3/68.0 GiB
pload 67.3/68.0 GiB
pload 67.3/68.0 GiB
pload 67.3/68.0 GiB
pload 67.3/68.0 GiB
pload 67.3/68.0 GiB
pload 67.3/68.0 GiB
pload 67.3/68.0 GiB
pload 67.3/68.0 GiB
pload 67.3/68.0 GiB
pload 67.3/68.0 GiB
pload 67.3/68.0 GiB
pload 67.3/68.0 GiB
pload 67.3/68.0 GiB
pload 67.3/68.0 GiB
pload 67.3/68.0 GiB
pload 67.4/68.0 GiB
pload 67.4/68.0 GiB
pload 67.4/68.0 GiB
pload 67.4/68.0 GiB
pload 67.4/68.0 GiB
pload 67.4/68.0 GiB
pload 67.4/68.0 GiB
pload 67.4/68.0 GiB
pload 67.4/68.0 GiB
pload 67.4/68.0 GiB
pload 67.4/68.0 GiB
pload 67.4/68.0 GiB
pload 67.4/68.0 GiB
pload 67.4/68.0 GiB
pload 67.4/68.0 GiB
pload 67.4/68.0 GiB
pload 67.4/68.0 GiB
pload 67.4/68.0 GiB
pload 67.4/68.0 GiB
pload 67.4/68.0 GiB
pload 67.4/68.0 GiB
pload 67.4/68.0 GiB
pload 67.4/68.0 GiB
pload 67.4/68.0 GiB
pload 67.4/68.0 GiB
pload 67.4/68.0 GiB
pload 67.4/68.0 GiB
pload 67.4/68.0 GiB
pload 67.4/68.0 GiB
pload 67.4/68.0 GiB
pload 67.4/68.0 GiB
pload 67.4/68.0 GiB
pload 67.4/68.0 GiB
pload 67.4/68.0 GiB
pload 67.4/68.0 GiB
pload 67.4/68.0 GiB
pload 67.4/68.0 GiB
pload 67.4/68.0 GiB
pload 67.4/68.0 GiB
pload 67.4/68.0 GiB
pload 67.4/68.0 GiB
pload 67.4/68.0 GiB
pload 67.4/68.0 GiB
pload 67.4/68.0 GiB
pload 67.5/68.0 GiB
pload 67.5/68.0 GiB
pload 67.5/68.0 GiB
pload 67.5/68.0 GiB
pload 67.5/68.0 GiB
pload 67.5/68.0 GiB
pload 67.5/68.0 GiB
pload 67.5/68.0 GiB
pload 67.5/68.0 GiB
pload 67.5/68.0 GiB
pload 67.5/68.0 GiB
pload 67.5/68.0 GiB
pload 67.5/68.0 GiB
pload 67.5/68.0 GiB
pload 67.5/68.0 GiB
pload 67.5/68.0 GiB
pload 67.5/68.0 GiB
pload 67.5/68.0 GiB
pload 67.5/68.0 GiB
pload 67.5/68.0 GiB
pload 67.5/68.0 GiB
pload 67.5/68.0 GiB
pload 67.5/68.0 GiB
pload 67.5/68.0 GiB
pload 67.5/68.0 GiB
pload 67.5/68.0 GiB
pload 67.5/68.0 GiB
pload 67.5/68.0 GiB
pload 67.5/68.0 GiB
pload 67.5/68.0 GiB
pload 67.5/68.0 GiB
pload 67.5/68.0 GiB
pload 67.5/68.0 GiB
pload 67.5/68.0 GiB
pload 67.5/68.0 GiB
pload 67.5/68.0 GiB
pload 67.5/68.0 GiB
pload 67.5/68.0 GiB
pload 67.5/68.0 GiB
pload 67.5/68.0 GiB
pload 67.5/68.0 GiB
pload 67.5/68.0 GiB
pload 67.5/68.0 GiB
pload 67.5/68.0 GiB
pload 67.5/68.0 GiB
pload 67.5/68.0 GiB
pload 67.5/68.0 GiB
pload 67.5/68.0 GiB
pload 67.5/68.0 GiB
pload 67.5/68.0 GiB
pload 67.5/68.0 GiB
pload 67.5/68.0 GiB
pload 67.5/68.0 GiB
pload 67.5/68.0 GiB
pload 67.5/68.0 GiB
pload 67.6/68.0 GiB
pload 67.6/68.0 GiB
pload 67.6/68.0 GiB
pload 67.6/68.0 GiB
pload 67.6/68.0 GiB
pload 67.6/68.0 GiB
pload 67.6/68.0 GiB
pload 67.6/68.0 GiB
pload 67.6/68.0 GiB
pload 67.6/68.0 GiB
pload 67.6/68.0 GiB
pload 67.6/68.0 GiB
pload 67.6/68.0 GiB
pload 67.6/68.0 GiB
pload 67.6/68.0 GiB
pload 67.6/68.0 GiB
pload 67.6/68.0 GiB
pload 67.6/68.0 GiB
pload 67.6/68.0 GiB
pload 67.6/68.0 GiB
pload 67.6/68.0 GiB
pload 67.6/68.0 GiB
pload 67.6/68.0 GiB
pload 67.6/68.0 GiB
pload 67.6/68.0 GiB
pload 67.6/68.0 GiB
pload 67.6/68.0 GiB
pload 67.6/68.0 GiB
pload 67.6/68.0 GiB
pload 67.6/68.0 GiB
pload 67.6/68.0 GiB
pload 67.6/68.0 GiB
pload 67.6/68.0 GiB
pload 67.6/68.0 GiB
pload 67.6/68.0 GiB
pload 67.6/68.0 GiB
pload 67.6/68.0 GiB
pload 67.6/68.0 GiB
pload 67.6/68.0 GiB
pload 67.6/68.0 GiB
pload 67.6/68.0 GiB
pload 67.6/68.0 GiB
pload 67.6/68.0 GiB
pload 67.6/68.0 GiB
pload 67.6/68.0 GiB
pload 67.6/68.0 GiB
pload 67.6/68.0 GiB
pload 67.6/68.0 GiB
pload 67.6/68.0 GiB
pload 67.6/68.0 GiB
pload 67.6/68.0 GiB
pload 67.6/68.0 GiB
pload 67.6/68.0 GiB
pload 67.6/68.0 GiB
pload 67.6/68.0 GiB
pload 67.6/68.0 GiB
pload 67.7/68.0 GiB
pload 67.7/68.0 GiB
pload 67.7/68.0 GiB
pload 67.7/68.0 GiB
pload 67.7/68.0 GiB
pload 67.7/68.0 GiB
pload 67.7/68.0 GiB
pload 67.7/68.0 GiB
pload 67.7/68.0 GiB
pload 67.7/68.0 GiB
pload 67.7/68.0 GiB
pload 67.7/68.0 GiB
pload 67.7/68.0 GiB
pload 67.7/68.0 GiB
pload 67.7/68.0 GiB
pload 67.7/68.0 GiB
pload 67.7/68.0 GiB
pload 67.7/68.0 GiB
pload 67.7/68.0 GiB
pload 67.7/68.0 GiB
pload 67.7/68.0 GiB
pload 67.7/68.0 GiB
pload 67.7/68.0 GiB
pload 67.7/68.0 GiB
pload 67.7/68.0 GiB
pload 67.7/68.0 GiB
pload 67.7/68.0 GiB
pload 67.7/68.0 GiB
pload 67.7/68.0 GiB
pload 67.7/68.0 GiB
pload 67.7/68.0 GiB
pload 67.7/68.0 GiB
pload 67.7/68.0 GiB
pload 67.7/68.0 GiB
pload 67.7/68.0 GiB
pload 67.7/68.0 GiB
pload 67.7/68.0 GiB
pload 67.7/68.0 GiB
pload 67.7/68.0 GiB
pload 67.7/68.0 GiB
pload 67.7/68.0 GiB
pload 67.7/68.0 GiB
pload 67.7/68.0 GiB
pload 67.7/68.0 GiB
pload 67.7/68.0 GiB
pload 67.7/68.0 GiB
pload 67.7/68.0 GiB
pload 67.7/68.0 GiB
pload 67.7/68.0 GiB
pload 67.7/68.0 GiB
pload 67.7/68.0 GiB
pload 67.7/68.0 GiB
pload 67.7/68.0 GiB
pload 67.7/68.0 GiB
pload 67.7/68.0 GiB
pload 67.7/68.0 GiB
pload 67.7/68.0 GiB
pload 67.7/68.0 GiB
pload 67.8/68.0 GiB
pload 67.8/68.0 GiB
pload 67.8/68.0 GiB
pload 67.8/68.0 GiB
pload 67.8/68.0 GiB
pload 67.8/68.0 GiB
pload 67.8/68.0 GiB
pload 67.8/68.0 GiB
pload 67.8/68.0 GiB
pload 67.8/68.0 GiB
pload 67.8/68.0 GiB
pload 67.8/68.0 GiB
pload 67.8/68.0 GiB
pload 67.8/68.0 GiB
pload 67.8/68.0 GiB
pload 67.8/68.0 GiB
pload 67.8/68.0 GiB
pload 67.8/68.0 GiB
pload 67.8/68.0 GiB
pload 67.8/68.0 GiB
pload 67.8/68.0 GiB
pload 67.8/68.0 GiB
pload 67.8/68.0 GiB
pload 67.8/68.0 GiB
pload 67.8/68.0 GiB
pload 67.8/68.0 GiB
pload 67.8/68.0 GiB
pload 67.8/68.0 GiB
pload 67.8/68.0 GiB
pload 67.8/68.0 GiB
pload 67.8/68.0 GiB
pload 67.8/68.0 GiB
pload 67.8/68.0 GiB
pload 67.8/68.0 GiB
pload 67.8/68.0 GiB
pload 67.8/68.0 GiB
pload 67.8/68.0 GiB
pload 67.8/68.0 GiB
pload 67.8/68.0 GiB
pload 67.8/68.0 GiB
pload 67.8/68.0 GiB
pload 67.8/68.0 GiB
pload 67.8/68.0 GiB
pload 67.8/68.0 GiB
pload 67.8/68.0 GiB
pload 67.8/68.0 GiB
pload 67.8/68.0 GiB
pload 67.8/68.0 GiB
pload 67.8/68.0 GiB
pload 67.8/68.0 GiB
pload 67.8/68.0 GiB
pload 67.8/68.0 GiB
pload 67.8/68.0 GiB
pload 67.8/68.0 GiB
pload 67.8/68.0 GiB
pload 67.8/68.0 GiB
pload 67.8/68.0 GiB
pload 67.8/68.0 GiB
pload 67.8/68.0 GiB
pload 67.8/68.0 GiB
pload 67.8/68.0 GiB
pload 67.8/68.0 GiB
pload 67.8/68.0 GiB
pload 67.8/68.0 GiB
pload 67.8/68.0 GiB
pload 67.8/68.0 GiB
pload 67.8/68.0 GiB
pload 67.8/68.0 GiB
pload 67.8/68.0 GiB
pload 67.8/68.0 GiB
pload 67.8/68.0 GiB
pload 67.8/68.0 GiB
pload 67.8/68.0 GiB
pload 67.8/68.0 GiB
pload 67.8/68.0 GiB
pload 67.8/68.0 GiB
pload 67.8/68.0 GiB
pload 67.8/68.0 GiB
pload 67.8/68.0 GiB
pload 67.8/68.0 GiB
pload 67.8/68.0 GiB
pload 67.8/68.0 GiB
pload 67.8/68.0 GiB
pload 67.8/68.0 GiB
pload 67.8/68.0 GiB
pload 67.8/68.0 GiB
pload 67.8/68.0 GiB
pload 67.8/68.0 GiB
pload 67.8/68.0 GiB
pload 67.8/68.0 GiB
pload 67.8/68.0 GiB
pload 67.8/68.0 GiB
pload 67.8/68.0 GiB
pload 67.8/68.0 GiB
pload 67.8/68.0 GiB
pload 67.8/68.0 GiB
pload 67.9/68.0 GiB
pload 67.9/68.0 GiB
pload 67.9/68.0 GiB
pload 67.9/68.0 GiB
pload 67.9/68.0 GiB
pload 67.9/68.0 GiB
pload 67.9/68.0 GiB
pload 67.9/68.0 GiB
pload 67.9/68.0 GiB
pload 67.9/68.0 GiB
pload 67.9/68.0 GiB
pload 67.9/68.0 GiB
pload 67.9/68.0 GiB
pload 67.9/68.0 GiB
pload 67.9/68.0 GiB
pload 67.9/68.0 GiB
pload 67.9/68.0 GiB
pload 67.9/68.0 GiB
pload 67.9/68.0 GiB
pload 67.9/68.0 GiB
pload 67.9/68.0 GiB
pload 67.9/68.0 GiB
pload 67.9/68.0 GiB
pload 67.9/68.0 GiB
pload 67.9/68.0 GiB
pload 67.9/68.0 GiB
pload 67.9/68.0 GiB
pload 67.9/68.0 GiB
pload 67.9/68.0 GiB
pload 67.9/68.0 GiB
pload 67.9/68.0 GiB
pload 67.9/68.0 GiB
pload 67.9/68.0 GiB
pload 67.9/68.0 GiB
pload 67.9/68.0 GiB
pload 67.9/68.0 GiB
pload 67.9/68.0 GiB
pload 67.9/68.0 GiB
pload 67.9/68.0 GiB
pload 67.9/68.0 GiB
pload 67.9/68.0 GiB
pload 67.9/68.0 GiB
pload 67.9/68.0 GiB
pload 67.9/68.0 GiB
pload 67.9/68.0 GiB
pload 67.9/68.0 GiB
pload 67.9/68.0 GiB
pload 67.9/68.0 GiB
pload 67.9/68.0 GiB
pload 67.9/68.0 GiB
pload 67.9/68.0 GiB
pload 67.9/68.0 GiB
pload 67.9/68.0 GiB
pload 67.9/68.0 GiB
pload 67.9/68.0 GiB
pload 67.9/68.0 GiB
pload 67.9/68.0 GiB
pload 67.9/68.0 GiB
pload 67.9/68.0 GiB
pload 67.9/68.0 GiB
pload 67.9/68.0 GiB
pload 67.9/68.0 GiB
pload 67.9/68.0 GiB
pload 67.9/68.0 GiB
pload 67.9/68.0 GiB
pload 67.9/68.0 GiB
pload 67.9/68.0 GiB
pload 67.9/68.0 GiB
pload 67.9/68.0 GiB
pload 67.9/68.0 GiB
pload 67.9/68.0 GiB
pload 67.9/68.0 GiB
pload 67.9/68.0 GiB
pload 67.9/68.0 GiB
pload 67.9/68.0 GiB
pload 67.9/68.0 GiB
pload 67.9/68.0 GiB
pload 67.9/68.0 GiB
pload 67.9/68.0 GiB
pload 67.9/68.0 GiB
pload 67.9/68.0 GiB
pload 67.9/68.0 GiB
pload 67.9/68.0 GiB
pload 67.9/68.0 GiB
pload 67.9/68.0 GiB
pload 67.9/68.0 GiB
pload 67.9/68.0 GiB
pload 67.9/68.0 GiB
pload 67.9/68.0 GiB
pload 67.9/68.0 GiB
pload 67.9/68.0 GiB
pload 67.9/68.0 GiB
pload 67.9/68.0 GiB
pload 67.9/68.0 GiB
pload 67.9/68.0 GiB
pload 67.9/68.0 GiB
pload 67.9/68.0 GiB
pload 67.9/68.0 GiB
pload 67.9/68.0 GiB
pload 67.9/68.0 GiB
pload 67.9/68.0 GiB
pload 67.9/68.0 GiB
pload 67.9/68.0 GiB
pload 67.9/68.0 GiB
pload 67.9/68.0 GiB
pload 67.9/68.0 GiB
pload 67.9/68.0 GiB
pload 67.9/68.0 GiB
pload 67.9/68.0 GiB
pload 67.9/68.0 GiB
pload 67.9/68.0 GiB
pload 67.9/68.0 GiB
pload 67.9/68.0 GiB
pload 67.9/68.0 GiB
pload 67.9/68.0 GiB
pload 67.9/68.0 GiB
pload 67.9/68.0 GiB
pload 67.9/68.0 GiB
pload 67.9/68.0 GiB
pload 67.9/68.0 GiB
pload 67.9/68.0 GiB
pload 67.9/68.0 GiB
pload 67.9/68.0 GiB
pload 67.9/68.0 GiB
pload 67.9/68.0 GiB
pload 67.9/68.0 GiB
pload 67.9/68.0 GiB
pload 67.9/68.0 GiB
pload 67.9/68.0 GiB
pload 67.9/68.0 GiB
pload 67.9/68.0 GiB
pload 67.9/68.0 GiB
pload 67.9/68.0 GiB
pload 67.9/68.0 GiB
pload 67.9/68.0 GiB
pload 67.9/68.0 GiB
pload 67.9/68.0 GiB
pload 67.9/68.0 GiB
pload 67.9/68.0 GiB
pload 67.9/68.0 GiB
pload 67.9/68.0 GiB
pload 67.9/68.0 GiB
pload 67.9/68.0 GiB
pload 67.9/68.0 GiB
pload 67.9/68.0 GiB
pload 67.9/68.0 GiB
pload 67.9/68.0 GiB
pload 67.9/68.0 GiB
pload 67.9/68.0 GiB
pload 67.9/68.0 GiB
pload 67.9/68.0 GiB
pload 67.9/68.0 GiB
pload 67.9/68.0 GiB
pload 67.9/68.0 GiB
pload 67.9/68.0 GiB
pload 67.9/68.0 GiB
pload 67.9/68.0 GiB
pload 67.9/68.0 GiB
pload 67.9/68.0 GiB
pload 67.9/68.0 GiB
pload 67.9/68.0 GiB
pload 67.9/68.0 GiB
pload 67.9/68.0 GiB
pload 67.9/68.0 GiB
pload 67.9/68.0 GiB
pload 67.9/68.0 GiB
pload 67.9/68.0 GiB
pload 67.9/68.0 GiB
pload 67.9/68.0 GiB
pload 67.9/68.0 GiB
pload 67.9/68.0 GiB
pload 67.9/68.0 GiB
pload 67.9/68.0 GiB
pload 67.9/68.0 GiB
pload 67.9/68.0 GiB
pload 67.9/68.0 GiB
pload 67.9/68.0 GiB
pload 67.9/68.0 GiB
pload 67.9/68.0 GiB
pload 67.9/68.0 GiB
pload 67.9/68.0 GiB
pload 67.9/68.0 GiB
pload 67.9/68.0 GiB
pload 67.9/68.0 GiB
pload 67.9/68.0 GiB
pload 67.9/68.0 GiB
pload 67.9/68.0 GiB
pload 67.9/68.0 GiB
pload 67.9/68.0 GiB
pload 67.9/68.0 GiB
pload 67.9/68.0 GiB
pload 67.9/68.0 GiB
pload 67.9/68.0 GiB
pload 67.9/68.0 GiB
pload 67.9/68.0 GiB
pload 67.9/68.0 GiB
pload 67.9/68.0 GiB
pload 67.9/68.0 GiB
pload 67.9/68.0 GiB
pload 67.9/68.0 GiB
pload 67.9/68.0 GiB
pload 67.9/68.0 GiB
pload 67.9/68.0 GiB
pload 67.9/68.0 GiB
pload 67.9/68.0 GiB
pload 67.9/68.0 GiB
pload 67.9/68.0 GiB
pload 67.9/68.0 GiB
pload 67.9/68.0 GiB
pload 67.9/68.0 GiB
pload 67.9/68.0 GiB
pload 67.9/68.0 GiB
pload 67.9/68.0 GiB
pload 67.9/68.0 GiB
pload 67.9/68.0 GiB
pload 67.9/68.0 GiB
pload 67.9/68.0 GiB
pload 67.9/68.0 GiB
pload 67.9/68.0 GiB
pload 67.9/68.0 GiB
pload 67.9/68.0 GiB
pload 67.9/68.0 GiB
pload 67.9/68.0 GiB
pload 67.9/68.0 GiB
pload 67.9/68.0 GiB
pload 67.9/68.0 GiB
pload 67.9/68.0 GiB
pload 67.9/68.0 GiB
pload 67.9/68.0 GiB
pload 67.9/68.0 GiB
pload 67.9/68.0 GiB
pload 67.9/68.0 GiB
pload 67.9/68.0 GiB
pload 67.9/68.0 GiB
pload 67.9/68.0 GiB
pload 67.9/68.0 GiB
pload 67.9/68.0 GiB
pload 67.9/68.0 GiB
pload 67.9/68.0 GiB
pload 67.9/68.0 GiB
pload 67.9/68.0 GiB
pload 67.9/68.0 GiB
pload 67.9/68.0 GiB
pload 67.9/68.0 GiB
pload 67.9/68.0 GiB
pload 67.9/68.0 GiB
pload 67.9/68.0 GiB
pload 67.9/68.0 GiB
pload 67.9/68.0 GiB
pload 67.9/68.0 GiB
pload 67.9/68.0 GiB
pload 67.9/68.0 GiB
pload 67.9/68.0 GiB
pload 67.9/68.0 GiB
pload 67.9/68.0 GiB
pload 67.9/68.0 GiB
pload 67.9/68.0 GiB
pload 67.9/68.0 GiB
pload 67.9/68.0 GiB
pload 67.9/68.0 GiB
pload 67.9/68.0 GiB
pload 67.9/68.0 GiB
pload 67.9/68.0 GiB
pload 67.9/68.0 GiB
pload 67.9/68.0 GiB
pload 67.9/68.0 GiB
pload 67.9/68.0 GiB
pload 67.9/68.0 GiB
pload 67.9/68.0 GiB
pload 67.9/68.0 GiB
pload 67.9/68.0 GiB
pload 67.9/68.0 GiB
pload 67.9/68.0 GiB
pload 67.9/68.0 GiB
pload 67.9/68.0 GiB
pload 67.9/68.0 GiB
pload 67.9/68.0 GiB
pload 67.9/68.0 GiB
pload 67.9/68.0 GiB
pload 67.9/68.0 GiB
pload 67.9/68.0 GiB
pload 67.9/68.0 GiB
pload 67.9/68.0 GiB
pload 67.9/68.0 GiB
pload 67.9/68.0 GiB
pload 67.9/68.0 GiB
pload 67.9/68.0 GiB
pload 67.9/68.0 GiB
pload 67.9/68.0 GiB
pload 67.9/68.0 GiB
pload 67.9/68.0 GiB
pload 67.9/68.0 GiB
pload 67.9/68.0 GiB
pload 67.9/68.0 GiB
pload 67.9/68.0 GiB
pload 67.9/68.0 GiB
pload 67.9/68.0 GiB
pload 67.9/68.0 GiB
pload 67.9/68.0 GiB
pload 67.9/68.0 GiB
pload 67.9/68.0 GiB
pload 67.9/68.0 GiB
pload 67.9/68.0 GiB
pload 67.9/68.0 GiB
pload 67.9/68.0 GiB
pload 67.9/68.0 GiB
pload 67.9/68.0 GiB
pload 67.9/68.0 GiB
pload 67.9/68.0 GiB
pload 67.9/68.0 GiB
pload 67.9/68.0 GiB
pload 67.9/68.0 GiB
pload 67.9/68.0 GiB
pload 67.9/68.0 GiB
pload 67.9/68.0 GiB
pload 67.9/68.0 GiB
pload 67.9/68.0 GiB
pload 67.9/68.0 GiB
pload 67.9/68.0 GiB
pload 67.9/68.0 GiB
pload 67.9/68.0 GiB
pload 67.9/68.0 GiB
pload 67.9/68.0 GiB
pload 67.9/68.0 GiB
pload 67.9/68.0 GiB
pload 67.9/68.0 GiB
pload 67.9/68.0 GiB
pload 67.9/68.0 GiB
pload 67.9/68.0 GiB
pload 67.9/68.0 GiB
pload 67.9/68.0 GiB
pload 67.9/68.0 GiB
pload 67.9/68.0 GiB
pload 67.9/68.0 GiB
pload 67.9/68.0 GiB
pload 67.9/68.0 GiB
pload 67.9/68.0 GiB
pload 67.9/68.0 GiB
pload 67.9/68.0 GiB
pload 67.9/68.0 GiB
pload 67.9/68.0 GiB
pload 67.9/68.0 GiB
pload 67.9/68.0 GiB
pload 67.9/68.0 GiB
pload 67.9/68.0 GiB
pload 67.9/68.0 GiB
pload 67.9/68.0 GiB
pload 67.9/68.0 GiB
pload 67.9/68.0 GiB
pload 67.9/68.0 GiB
pload 67.9/68.0 GiB
pload 67.9/68.0 GiB
pload 67.9/68.0 GiB
pload 67.9/68.0 GiB
pload 67.9/68.0 GiB
pload 67.9/68.0 GiB
pload 67.9/68.0 GiB
pload 67.9/68.0 GiB
pload 67.9/68.0 GiB
pload 67.9/68.0 GiB
pload 67.9/68.0 GiB
pload 67.9/68.0 GiB
pload 67.9/68.0 GiB
pload 67.9/68.0 GiB
pload 67.9/68.0 GiB
pload 68.0/68.0 GiB
pload 68.0/68.0 GiB
pload 68.0/68.0 GiB
pload 68.0/68.0 GiB
pload 68.0/68.0 GiB
pload 68.0/68.0 GiB
pload 68.0/68.0 GiB
pload 68.0/68.0 GiB
pload 68.0/68.0 GiB
pload 68.0/68.0 GiB
pload 68.0/68.0 GiB
pload 68.0/68.0 GiB
pload 68.0/68.0 GiB
pload 68.0/68.0 GiB
pload 68.0/68.0 GiB
pload 68.0/68.0 GiB
pload 68.0/68.0 GiB
pload 68.0/68.0 GiB
pload 68.0/68.0 GiB
pload 68.0/68.0 GiB
pload 68.0/68.0 GiB
pload 68.0/68.0 GiB
pload 68.0/68.0 GiB
pload 68.0/68.0 GiB
pload 68.0/68.0 GiB
pload 68.0/68.0 GiB
pload 68.0/68.0 GiB
pload 68.0/68.0 GiB
pload 68.0/68.0 GiB
pload 68.0/68.0 GiB
pload 68.0/68.0 GiB
pload 68.0/68.0 GiB
pload 68.0/68.0 GiB
pload 68.0/68.0 GiB
pload 68.0/68.0 GiB
pload 68.0/68.0 GiB
pload 68.0/68.0 GiB
pload 68.0/68.0 GiB
pload 68.0/68.0 GiB
pload 68.0/68.0 GiB
pload 68.0/68.0 GiB
pload 68.0/68.0 GiB
pload 68.0/68.0 GiB
pload 68.0/68.0 GiB
pload 68.0/68.0 GiB
pload 68.0/68.0 GiB
pload 68.0/68.0 GiB
pload 68.0/68.0 GiB
pload 68.0/68.0 GiB
pload 68.0/68.0 GiB
pload 68.0/68.0 GiB
pload 68.0/68.0 GiB
pload 68.0/68.0 GiB
pload 68.0/68.0 GiB
pload 68.0/68.0 GiB
pload 68.0/68.0 GiB
pload 68.0/68.0 GiB
pload 68.0/68.0 GiB
pload 68.0/68.0 GiB
pload 68.0/68.0 GiB
pload 68.0/68.0 GiB
pload 68.0/68.0 GiB
pload 68.0/68.0 GiB
pload 68.0/68.0 GiB
pload 68.0/68.0 GiB
pload 68.0/68.0 GiB
pload 68.0/68.0 GiB
pload 68.0/68.0 GiB
pload 68.0/68.0 GiB
pload 68.0/68.0 GiB
pload 68.0/68.0 GiB
pload 68.0/68.0 GiB
pload 68.0/68.0 GiB
pload 68.0/68.0 GiB
pload 68.0/68.0 GiB
pload 68.0/68.0 GiB
pload 68.0/68.0 GiB
pload 68.0/68.0 GiB
pload 68.0/68.0 GiB
pload 68.0/68.0 GiB
pload 68.0/68.0 GiB
pload 68.0/68.0 GiB
pload 68.0/68.0 GiB
pload 68.0/68.0 GiB
pload 68.0/68.0 GiB
pload 68.0/68.0 GiB
pload 68.0/68.0 GiB
pload 68.0/68.0 GiB
pload 68.0/68.0 GiB
pload 68.0/68.0 GiB
pload 68.0/68.0 GiB
pload 68.0/68.0 GiB
pload 68.0/68.0 GiB
pload 68.0/68.0 GiB
pload 68.0/68.0 GiB
pload 68.0/68.0 GiB
pload 68.0/68.0 GiB
pload 68.0/68.0 GiB
pload 68.0/68.0 GiB
pload 68.0/68.0 GiB
pload 68.0/68.0 GiB
pload 68.0/68.0 GiB
pload 68.0/68.0 GiB
pload 68.0/68.0 GiB
pload 68.0/68.0 GiB
pload 68.0/68.0 GiB
pload 68.0/68.0 GiB
pload 68.0/68.0 GiB
pload 68.0/68.0 GiB
pload 68.0/68.0 GiB
pload 68.0/68.0 GiB
pload 68.0/68.0 GiB
pload 68.0/68.0 GiB
pload 68.0/68.0 GiB
pload 68.0/68.0 GiB
pload 68.0/68.0 GiB
pload 68.0/68.0 GiB
pload 68.0/68.0 GiB
pload 68.0/68.0 GiB
pload 68.0/68.0 GiB
pload 68.0/68.0 GiB
pload 68.0/68.0 GiB
pload 68.0/68.0 GiB
pload 68.0/68.0 GiB
pload 68.0/68.0 GiB
pload 68.0/68.0 GiB
pload 68.0/68.0 GiB
pload 68.0/68.0 GiB
pload 68.0/68.0 GiB
pload 68.0/68.0 GiB
pload 68.0/68.0 GiB
pload 68.0/68.0 GiB
pload 68.0/68.0 GiB
pload 68.0/68.0 GiB
pload 68.0/68.0 GiB
pload 68.0/68.0 GiB
pload 68.0/68.0 GiB
pload 68.0/68.0 GiB
pload 68.0/68.0 GiB
pload 68.0/68.0 GiB
pload 68.0/68.0 GiB
pload 68.0/68.0 GiB
pload 68.0/68.0 GiB
pload 68.0/68.0 GiB
pload 68.0/68.0 GiB
pload 68.0/68.0 GiB
pload 68.0/68.0 GiB
pload 68.0/68.0 GiB
pload 68.0/68.0 GiB
pload 68.0/68.0 GiB
pload 68.0/68.0 GiB
pload 68.0/68.0 GiB
pload 68.0/68.0 GiB
pload 68.0/68.0 GiB
pload 68.0/68.0 GiB
pload 68.0/68.0 GiB
pload 68.0/68.0 GiB
pload 68.0/68.0 GiB
pload 68.0/68.0 GiB
pload 68.0/68.0 GiB
pload 68.0/68.0 GiB
pload 68.0/68.0 GiB
pload 68.0/68.0 GiB
pload 68.0/68.0 GiB
pload 68.0/68.0 GiB
pload 68.0/68.0 GiB
pload 68.0/68.0 GiB
pload 68.0/68.0 GiB
pload 68.0/68.0 GiB
pload 68.0/68.0 GiB
pload 68.0/68.0 GiB
pload 68.0/68.0 GiB
pload 68.0/68.0 GiB
pload 68.0/68.0 GiB
pload 68.0/68.0 GiB
pload 68.0/68.0 GiB
pload 68.0/68.0 GiB
pload 68.0/68.0 GiB
pload 68.0/68.0 GiB
pload 68.0/68.0 GiB
pload 68.0/68.0 GiB
pload 68.0/68.0 GiB
pload 68.0/68.0 GiB
pload 68.0/68.0 GiB
pload 68.0/68.0 GiB
pload 68.0/68.0 GiB
pload 68.0/68.0 GiB
pload 68.0/68.0 GiB
pload 68.0/68.0 GiB
pload 68.0/68.0 GiB
pload 68.0/68.0 GiB
pload 68.0/68.0 GiB
pload 68.0/68.0 GiB
pload 68.0/68.0 GiB
pload 68.0/68.0 GiB
pload 68.0/68.0 GiB
pload 68.0/68.0 GiB
pload 68.0/68.0 GiB
pload 68.0/68.0 GiB
pload 68.0/68.0 GiB
pload 68.0/68.0 GiB
pload 68.0/68.0 GiB
pload 68.0/68.0 GiB
pload 68.0/68.0 GiB
pload 68.0/68.0 GiB
pload 68.0/68.0 GiB
pload 68.0/68.0 GiB
pload 68.0/68.0 GiB
pload 68.0/68.0 GiB
pload 68.0/68.0 GiB
pload 68.0/68.0 GiB
pload 68.0/68.0 GiB
pload 68.0/68.0 GiB
pload 68.0/68.0 GiB
pload 68.0/68.0 GiB
pload 68.0/68.0 GiB
pload 68.0/68.0 GiB
pload 68.0/68.0 GiB
pload 68.0/68.0 GiB
pload 68.0/68.0 GiB
pload 68.0/68.0 GiB
pload 68.0/68.0 GiB
pload 68.0/68.0 GiB
pload 68.0/68.0 GiB
pload 68.0/68.0 GiB
pload 68.0/68.0 GiB
pload 68.0/68.0 GiB
pload 68.0/68.0 GiB
pload 68.0/68.0 GiB
pload 68.0/68.0 GiB
pload 68.0/68.0 GiB
pload 68.0/68.0 GiB
pload 68.0/68.0 GiB
pload 68.0/68.0 GiB
pload 68.0/68.0 GiB
pload 68.0/68.0 GiB
pload 68.0/68.0 GiB
pload 68.0/68.0 GiB
pload 68.0/68.0 GiB
pload 68.0/68.0 GiB
pload 68.0/68.0 GiB
pload 68.0/68.0 GiB
pload 68.0/68.0 GiB
pload 68.0/68.0 GiB
pload 68.0/68.0 GiB
pload 68.0/68.0 GiB
pload 68.0/68.0 GiB
pload 68.0/68.0 GiB
pload 68.0/68.0 GiB
pload 68.0/68.0 GiB
pload 68.0/68.0 GiB
pload 68.0/68.0 GiB
pload 68.0/68.0 GiB
pload 68.0/68.0 GiB
pload 68.0/68.0 GiB
pload 68.0/68.0 GiB
pload 68.0/68.0 GiB
pload 68.0/68.0 GiB
pload 68.0/68.0 GiB
pload 68.0/68.0 GiB
pload 68.0/68.0 GiB
pload 68.0/68.0 GiB
pload 68.0/68.0 GiB
pload 68.0/68.0 GiB
pload 68.0/68.0 GiB
pload 68.0/68.0 GiB
mtp: draft head enabled (norm=branch hagg=branch kv=bf16)
gdec: state allocated (maxctx=4096)
decode graphs captured (ple=1)

prefill L01/48
prefill L02/48
prefill L03/48
prefill L04/48
prefill L05/48
prefill L06/48
prefill L07/48
prefill L08/48
prefill L09/48
prefill L10/48
prefill L11/48
prefill L12/48
prefill L13/48
prefill L14/48
prefill L15/48
prefill L16/48
prefill L17/48
prefill L18/48
prefill L19/48
prefill L20/48
prefill L21/48
prefill L22/48
prefill L23/48
prefill L24/48
prefill L25/48
prefill L26/48
prefill L27/48
prefill L28/48
prefill L29/48
prefill L30/48
prefill L31/48
prefill L32/48
prefill L33/48
prefill L34/48
prefill L35/48
prefill L36/48
prefill L37/48
prefill L38/48
prefill L39/48
prefill L40/48
prefill L41/48
prefill L42/48
prefill L43/48
prefill L44/48
prefill L45/48
prefill L46/48
prefill L47/48
prefill L48/48
prefill: 4096 tokens in 5.27 s = 777.5 tok/s

prefill L01/48
prefill L02/48
prefill L03/48
prefill L04/48
prefill L05/48
prefill L06/48
prefill L07/48
prefill L08/48
prefill L09/48
prefill L10/48
prefill L11/48
prefill L12/48
prefill L13/48
prefill L14/48
prefill L15/48
prefill L16/48
prefill L17/48
prefill L18/48
prefill L19/48
prefill L20/48
prefill L21/48
prefill L22/48
prefill L23/48
prefill L24/48
prefill L25/48
prefill L26/48
prefill L27/48
prefill L28/48
prefill L29/48
prefill L30/48
prefill L31/48
prefill L32/48
prefill L33/48
prefill L34/48
prefill L35/48
prefill L36/48
prefill L37/48
prefill L38/48
prefill L39/48
prefill L40/48
prefill L41/48
prefill L42/48
prefill L43/48
prefill L44/48
prefill L45/48
prefill L46/48
prefill L47/48
prefill L48/48
prefill: 2052 tokens in 3.33 s = 616.8 tok/s
decode: 23 tokens in 797 ms = 28.9 tok/s (34.7 ms/token)
